Script started on Mon 24 Oct 2016 05:14:20 PM EDT
]0;neil@neil-Z170X-Gaming-3: ~/projects/py-cudnn[01;32mneil@neil-Z170X-Gaming-3[00m:[01;34m~/projects/py-cudnn[00m$ python py-cdnn.py 
Error: no arguments are passed
]0;neil@neil-Z170X-Gaming-3: ~/projects/py-cudnn[01;32mneil@neil-Z170X-Gaming-3[00m:[01;34m~/projects/py-cudnn[00m$ python py-cdnn.py ^?[K[K[K[K[K[K[K[K[K[K[K[Kmain-very-deep_UPDATE_2_cleaan.py 
Using Theano backend.
Using gpu device 0: GeForce GTX 680 (CNMeM is enabled with initial size: 80.0% of memory, cuDNN 5105)
/usr/local/lib/python2.7/dist-packages/theano/sandbox/cuda/__init__.py:600: UserWarning: Your cuDNN version is more recent than the one Theano officially supports. If you see any problems, try updating Theano or downgrading cuDNN to version 5.
  warnings.warn(warn)
Loading data...
Get characters...
total chars: 70
Vectorization...
^CTraceback (most recent call last):
  File "main-very-deep_UPDATE_2_clean.py", line 105, in <module>
    X_train_char[i, t, char_indices[char]] = 1
KeyboardInterrupt
]0;neil@neil-Z170X-Gaming-3: ~/projects/py-cudnn[01;32mneil@neil-Z170X-Gaming-3[00m:[01;34m~/projects/py-cudnn[00m$ atom test-run.log [K[K[K[K[K[K[K[K[K[K[K[K[K[K[K[K[K[Kexit 
exit

Script done on Mon 24 Oct 2016 05:14:53 PM EDT
